// Jest Snapshot v1, https://goo.gl/fbAQLP

exports[`<Checkbox /> snapshot <Checkbox /> with {label} 1`] = `
<label>
  <input
    type="checkbox"
  />
  test
</label>
`;
